==================================================
CGE Model ù API Verification
==================================================

--- Test 1: GET /api/baseline ---
  Converged: True
  Max residual: 1.42e-14
  GDP: 183.5930
  Rental rate (r): 1.000000
  SAM Balanced: True
  Prices: {'AGR': 1.0, 'CON': 1.0, 'ENG': 1.0, 'GOV': 1.0, 'MFG': 1.0, 'SRV': 1.0}
  GDP shares: {'AGR': 0.1764, 'CON': 0.1287, 'ENG': 0.1009, 'GOV': 0.0534, 'MFG': 0.2237, 'SRV': 0.3169}
  Labor shares: {'AGR': 0.2064, 'CON': 0.1255, 'ENG': 0.059, 'GOV': 0.0729, 'MFG': 0.1963, 'SRV': 0.3399}
python : Traceback (most recent 
call last):
At line:1 char:1
+ python test_api.py > 
test_output.txt 2>&1
+ ~~~~~~~~~~~~~~~~~~~~~~~~~~~~~~~~
~~~~~~~~~
    + CategoryInfo          : Not 
   Specified: (Traceback (most r  
  ecent call last)::String) [],   
  RemoteException
    + FullyQualifiedErrorId : Nat 
   iveCommandError
 
  File "D:\Projects\CURRENT\cge\te
st_api.py", line 25, in <module>
    print("  \u2713 PASS")
    ~~~~~^^^^^^^^^^^^
  File "C:\Python313\Lib\encodings
\cp1252.py", line 19, in encode
    return codecs.charmap_encode(i
nput,self.errors,encoding_table)[0
]
           ~~~~~~~~~~~~~~~~~~~~~^^
^^^^^^^^^^^^^^^^^^^^^^^^^^^^^^^^
UnicodeEncodeError: 'charmap' 
codec can't encode character 
'\u2713' in position 2: character 
maps to <undefined>

During handling of the above 
exception, another exception 
occurred:

Traceback (most recent call last):
  File "D:\Projects\CURRENT\cge\te
st_api.py", line 27, in <module>
    print(f"  \u2717 FAIL: {e}")
    ~~~~~^^^^^^^^^^^^^^^^^^
  File "C:\Python313\Lib\encodings
\cp1252.py", line 19, in encode
    return codecs.charmap_encode(i
nput,self.errors,encoding_table)[0
]
           ~~~~~~~~~~~~~~~~~~~~~^^
^^^^^^^^^^^^^^^^^^^^^^^^^^^^^^^^
UnicodeEncodeError: 'charmap' 
codec can't encode character 
'\u2717' in position 2: character 
maps to <undefined>
